Testing URL: https://prosto-calc.vercel.app/api/explain-cost
Success! API Response:
{
  result: 'Dental crowns are a common restorative treatment used to repair damaged, decayed, or weakened teeth. The cost of a dental crown can vary significantly based on several factors, including the type of material used, geographic location, the dentistΓÇÖs experience, and insurance coverage. Below is a detailed breakdown of potential costs, insurance considerations, and out-of-pocket expenses.\n' +
    '\n' +
    '---\n' +
    '\n' +
    '### **1. Types of Dental Crowns and Their Costs**\n' +
    'The material used for the crown directly impacts the cost. HereΓÇÖs a general range for **one crown** (per tooth):\n' +
    '\n' +
    '| **Crown Type**               | **Material**               | **Average Cost (USD)** | **Notes**                                                                                     |\n' +
    '|------------------------------|----------------------------|------------------------|-----------------------------------------------------------------------------------------------|\n' +
    '| **Metal (Stainless Steel)**  | Stainless steel            | $50ΓÇô$150               | Temporary crowns for children; durable but not aesthetic.                                    |\n' +
    '| **Metal (Base Metal Alloy)** | Nickel-chromium alloy      | $300ΓÇô$800              | Strong and durable; less aesthetic (grayish color).                                           |\n' +
    '| **PFM (Porcelain-Fused-to-Metal)** | Metal + porcelain | $800ΓÇô$1,500          | Balances strength and aesthetics; metal shows through porcelain at the gum line.              |\n' +
    '| **All-Ceramic/All-Porcelain** | Zirconia, lithium disilicate | $1,000ΓÇô$2,500+       | Most aesthetic; natural tooth color; less durable for back teeth (but zirconia is strong).    |\n' +
    '| **E-Max (Lithium Disilicate)** | High-strength ceramic | $1,200ΓÇô$2,800        | Premium aesthetic and strength; often used for front teeth.                                   |\n' +
    '| **Zirconia Crown**           | Zirconia ceramic           | $1,200ΓÇô$3,500+         | Highly durable and aesthetic; ideal for back teeth or patients with bruxism (teeth grinding). |\n' +
    '\n' +
    '---\n' +
    '**Note:** Costs for **multiple crowns** (e.g., for a full mouth reconstruction) may include discounts or bulk pricing, but this is not guaranteed.\n' +
    '\n' +
    '---\n' +
    '\n' +
    '### **2. Additional Costs to Consider**\n' +
    '- **Preparation Appointments**:\n' +
    '  - **Diagnostic Work (X-rays, exams)**: $50ΓÇô$200\n' +
    '  - **Root Canal (if needed)**: $1,000ΓÇô$1,500 (if the tooth requires endodontic treatment before crowning)\n' +
    '  - **Tooth Extraction (if needed)**: $75ΓÇô$300 (simple extraction) or $200ΓÇô$600 (surgical extraction)\n' +
    '\n' +
    '- **Impressions and Lab Fees**:\n' +
    '  - Digital scans or traditional impressions: $100ΓÇô$300\n' +
    '  - Lab fees (if not included in dentistΓÇÖs fee): $100ΓÇô$500\n' +
    '\n' +
    '- **Follow-Up Appointments**:\n' +
    '  - Adjustments or touch-ups: $50ΓÇô$200\n' +
    '\n' +
    '- **Anesthesia**:\n' +
    '  - Local anesthetic (included in most crown procedures) or sedation (if needed): $100ΓÇô$500\n' +
    '\n' +
    '---\n' +
    '**Total Estimated Cost Range (for one crown, including prep and follow-up):**\n' +
    '- **Low-end (metal)**: $500ΓÇô$1,200\n' +
    '- **Mid-range (PFM or all-ceramic)**: $1,000ΓÇô$2,500\n' +
    '- **High-end (E-Max/Zirconia)**: $1,500ΓÇô$4,000+\n' +
    '\n' +
    '---\n' +
    '\n' +
    '### **3. Insurance Considerations**\n' +
    'Dental insurance typically covers **partial** costs for crowns, depending on the plan. HereΓÇÖs what to expect:\n' +
    '\n' +
    '#### **A. Insurance Coverage Breakdown**\n' +
    'Most plans categorize crowns as a **"Major Work"** service, often covered at **50ΓÇô80%** after a **deductible** (e.g., $50ΓÇô$100 per year). Example:\n' +
    '- **Insurance Pays**: 60% of $1,200 (all-ceramic crown) = **$720**\n' +
    '- **Your Out-of-Pocket**: $1,200 ΓÇô $720 ΓÇô deductible ($100) = **$380**\n' +
    '\n' +
    '#### **B. Common Insurance Scenarios**\n' +
    '1. **No Insurance**:\n' +
    '   - You pay the full cost (e.g., $1,500ΓÇô$3,000 for a high-end crown).\n' +
    '\n' +
    '2. **Basic Dental Plan (e.g., Delta Dental, UnitedHealthcare)**:\n' +
    '   - Covers **$100ΓÇô$500 per year** for major work (e.g., 50% of $1,200 = $600, but annual max may apply).\n' +
    '   - You pay the remaining **$600ΓÇô$1,000** (plus deductible).\n' +
    '\n' +
    '3. **Premium Plan (e.g., high-end PPO)**:\n' +
    '   - May cover **80% of $1,200 = $960**, leaving you with **$240 + deductible**.\n' +
    '\n' +
    '4. **Medicare/Medicaid**:\n' +
    '   - **Medicare** does **not** cover routine dental crowns (only medically necessary cases, e.g., trauma).\n' +
    '   - **Medicaid** varies by state; some cover partial costs for children or low-income adults.\n' +
    '\n' +
    '#### **C. Out-of-Network vs. In-Network**\n' +
    '- **In-Network Dentist**: Lower out-of-pocket costs (e.g., $200ΓÇô$500 after insurance).\n' +
    '- **Out-of-Network Dentist**: Higher costs (e.g., $1,000+ after insurance, if covered at all).\n' +
    '\n' +
    '---\n' +
    '### **4. Financing and Payment Options**\n' +
    'Many dental offices offer:\n' +
    '- **Payment Plans**: $50ΓÇô$150/month (e.g., CareCredit, LendingClub).\n' +
    '- **Discounts**: Some offices offer **10ΓÇô20% off** for full payment upfront.\n' +
    '- **Flexible Spending Accounts (FSA)/Health Savings Accounts (HSA)**: Pre-tax dollars can cover costs.\n' +
    '\n' +
    '---\n' +
    '### **5. Ways to Reduce Costs**\n' +
    '1. **Choose a Less Expensive Material**: PFM crowns are often a balance of cost and aesthetics.\n' +
    '2. **Ask About Dental Schools**: Some dental schools offer **discounted crowns** (supervised by professors).\n' +
    '3. **Negotiate**: Some dentists reduce fees for long-term patients or bulk treatments.\n' +
    '4. **Check for Promotions**: Offices sometimes run **crown specials** (e.g., $500 for a PFM crown).\n' +
    '5. **Preventative Care**: Avoid crowns by maintaining good oral hygiene (insurance may cover preventive care at 100%).\n' +
    '\n' +
    '---\n' +
    '### **6. Example Cost Scenarios**\n' +
    '#### **Scenario 1: Metal Crown (Back Tooth)**\n' +
    '- **Cost**: $600 (dentist fee) + $100 (lab) = **$700 total**\n' +
    '- **Insurance**: Covers 60% of $700 = $420\n' +
    '- **Your Cost**: $700 ΓÇô $420 ΓÇô $100 (deductible) = **$180**\n' +
    '\n' +
    '#### **Scenario 2: All-Ceramic Crown (Front Tooth)**\n' +
    '- **Cost**: $2,000 (dentist fee) + $200 (lab) = **$2,200 total**\n' +
    '- **Insurance**: Covers 50% of $2,200 = $1,100 (but annual max is $1,500)\n' +
    '- **Your Cost**: $2,200 ΓÇô $1,500 (max coverage) ΓÇô $100 (deductible) = **$600**\n' +
    '\n' +
    '#### **Scenario 3: No Insurance**\n' +
    '- **Cost**: $2,500 (E-Max crown)\n' +
    '- **Payment Plan**: $200/month for 12 months = **$2,400 total**\n' +
    '\n' +
    '---\n' +
    '### **7. What Affects the Final Cost?**\n' +
    '- **Location**: Urban areas (e.g., NYC, LA) cost **20ΓÇô50% more** than rural areas.\n' +
    '- **DentistΓÇÖs Experience**: Specialists (e.g., prosthodontists) may charge **30ΓÇô100% more** than general dentists.\n' +
    '- **Emergency vs. Elective**: Emergency crowns (e.g., after trauma) may have **higher fees**.\n' +
    '- **Additional Procedures**: If you need a root canal or gum treatment, costs add up.\n' +
    '\n' +
    '---\n' +
    '### **8. Questions to Ask Your Dentist**\n' +
    '1. **"What type of crown do you recommend, and why?"**\n' +
    '2. **"Is there a less expensive alternative thatΓÇÖs still durable?"**\n' +
    '3. **"WhatΓÇÖs the total cost upfront, including prep and follow-up?"**\n' +
    '4. **"Do you accept my insurance, and whatΓÇÖs my expected out-of-pocket?"**\n' +
    '5. **"Are there payment plans or financing options?"**\n' +
    '6. **"Do you offer discounts for cash payments?"**\n' +
    '\n' +
    '---\n' +
    '### **9. Empathetic Note**\n' +
    'Crowns can be a significant investment, and the cost can feel overwhelming. If youΓÇÖre concerned about affordability:\n' +
    '- **Explore financing** to spread out payments.\n' +
    '- **Check with your dentist** about payment assistance programs.\n' +
    '- **Prioritize oral health**ΓÇödelaying treatment can lead to more expensive issues (e.g., infections, extractions).\n' +
    '\n' +
    '---\n' +
    '### **Disclaimer**\n' +
    'These are **estimates** based on average U.S. dental fees (2024). Actual costs vary by:\n' +
    '- Geographic location,\n' +
    '- DentistΓÇÖs fee schedule,\n' +
    '- Insurance plan specifics,\n' +
    '- Additional procedures required,\n' +
    '- Material choices, and\n' +
    '- Office policies.\n' +
    '\n' +
    'For the most accurate quote, **contact your dentistΓÇÖs office directly** and confirm coverage with your insurance provider.'
}
